2026-06-04 10:44:58,016 | INFO | Log file: D:\Farhan\KULIAH\semester 6\Praktikum Computer Vision\Praktikum\HandSignature\kiro_train\logs\training_20260604_104458.log
2026-06-04 10:44:58,016 | INFO | ============================================================
2026-06-04 10:44:58,016 | INFO | BISINDO Kata Augmented Training
2026-06-04 10:44:58,016 | INFO | ============================================================
2026-06-04 10:44:58,017 | INFO | Timestamp: 20260604_104458
2026-06-04 10:44:58,021 | INFO | Loaded config from D:\Farhan\KULIAH\semester 6\Praktikum Computer Vision\Praktikum\HandSignature\kiro_train\augmentation_config.yaml
2026-06-04 10:44:58,021 | INFO | Config: {
  "random_seed": 42,
  "batch_size": 32,
  "epochs": 50,
  "augmentation_multiplier": 3,
  "augmentation_mode": "landmark",
  "enable_horizontal_flip": true,
  "flip_probability": 0.5,
  "enable_speed_variation": true,
  "speed_factors": [
    0.8,
    0.9,
    1.0,
    1.1,
    1.2
  ],
  "speed_probability": 0.7,
  "enable_brightness_contrast": true,
  "brightness_range": [
    -0.2,
    0.2
  ],
  "contrast_range": [
    0.8,
    1.2
  ],
  "brightness_contrast_probability": 0.5,
  "enable_random_crop_resize": true,
  "scale_range": [
    0.85,
    1.15
  ],
  "crop_probability": 0.5,
  "enable_gaussian_noise": true,
  "landmark_noise_std": 0.005,
  "pixel_noise_std": 5.0,
  "noise_probability": 0.5,
  "enable_rotation": true,
  "rotation_range_degrees": [
    -10.0,
    10.0
  ],
  "rotation_probability": 0.5
}
2026-06-04 10:44:58,021 | INFO | Random seeds set to 42
2026-06-04 10:44:58,021 | INFO | TensorFlow: 2.10.0
2026-06-04 10:44:58,023 | INFO | Detected 2 GPU(s):
2026-06-04 10:44:58,023 | INFO |   - /physical_device:GPU:0
2026-06-04 10:44:58,023 | INFO |   - /physical_device:GPU:1
2026-06-04 10:44:58,168 | INFO | Loaded X: (2500, 50, 258) float64 (258.0 MB)
2026-06-04 10:44:58,168 | INFO | Loaded y: (2500,) <U12
2026-06-04 10:44:58,856 | INFO | Classes (50): ['Anak', 'Apa', 'Asal', 'Ayah', 'Bagaimana', 'Baik', 'Belajar', 'Berdiri', 'Bingung', 'Dan', 'Dia', 'Dimana', 'Duduk', 'Guru', 'Halo', 'Hari ini', 'Hobi', 'Ibu', 'Kalian', 'Kami', 'Kamu', 'Kapan', 'Keluarga', 'Kita', 'Lagi', 'Makan', 'Malam', 'Mandi', 'Marah', 'Melihat', 'Membaca', 'Mengapa', 'Menulis', 'Mereka', 'Minum', 'Nama', 'Olahraga', 'Pagi', 'Ramah', 'Sabar', 'Saya', 'Sedih', 'Sekian', 'Selamat', 'Senang', 'Siang', 'Siapa', 'Teman', 'Terima Kasih', 'Tidur']
2026-06-04 10:44:58,857 | INFO | Saved: D:\Farhan\KULIAH\semester 6\Praktikum Computer Vision\Praktikum\HandSignature\kiro_train\label_encoder_new.pkl, D:\Farhan\KULIAH\semester 6\Praktikum Computer Vision\Praktikum\HandSignature\kiro_train\class_names_new.json
2026-06-04 10:44:58,963 | INFO | Train: (2000, 50, 258), Val: (500, 50, 258)
2026-06-04 10:44:58,964 | INFO | Train batches: 188, Val batches: 16
2026-06-04 10:44:59,396 | INFO | Model: "sequential"
2026-06-04 10:44:59,396 | INFO | _________________________________________________________________
2026-06-04 10:44:59,397 | INFO |  Layer (type)                Output Shape              Param #   
2026-06-04 10:44:59,397 | INFO | =================================================================
2026-06-04 10:44:59,397 | INFO |  gru (GRU)                   (None, 50, 128)           148608    
2026-06-04 10:44:59,397 | INFO |                                                                  
2026-06-04 10:44:59,397 | INFO |  batch_normalization (BatchN  (None, 50, 128)          512       
2026-06-04 10:44:59,397 | INFO |  ormalization)                                                   
2026-06-04 10:44:59,397 | INFO |                                                                  
2026-06-04 10:44:59,398 | INFO |  dropout (Dropout)           (None, 50, 128)           0         
2026-06-04 10:44:59,398 | INFO |                                                                  
2026-06-04 10:44:59,398 | INFO |  gru_1 (GRU)                 (None, 64)                37056     
2026-06-04 10:44:59,398 | INFO |                                                                  
2026-06-04 10:44:59,398 | INFO |  batch_normalization_1 (Batc  (None, 64)               256       
2026-06-04 10:44:59,398 | INFO |  hNormalization)                                                 
2026-06-04 10:44:59,399 | INFO |                                                                  
2026-06-04 10:44:59,399 | INFO |  dropout_1 (Dropout)         (None, 64)                0         
2026-06-04 10:44:59,399 | INFO |                                                                  
2026-06-04 10:44:59,399 | INFO |  dense (Dense)               (None, 64)                4160      
2026-06-04 10:44:59,399 | INFO |                                                                  
2026-06-04 10:44:59,399 | INFO |  dropout_2 (Dropout)         (None, 64)                0         
2026-06-04 10:44:59,399 | INFO |                                                                  
2026-06-04 10:44:59,399 | INFO |  dense_1 (Dense)             (None, 50)                3250      
2026-06-04 10:44:59,400 | INFO |                                                                  
2026-06-04 10:44:59,400 | INFO | =================================================================
2026-06-04 10:44:59,400 | INFO | Total params: 193,842
2026-06-04 10:44:59,400 | INFO | Trainable params: 193,458
2026-06-04 10:44:59,400 | INFO | Non-trainable params: 384
2026-06-04 10:44:59,400 | INFO | _________________________________________________________________
2026-06-04 10:44:59,402 | INFO | Starting training: 50 epochs, batch=32
2026-06-04 12:27:01,610 | INFO | Training completed in 6122.2s (102.0 min)
2026-06-04 12:27:01,643 | INFO | Model saved: D:\Farhan\KULIAH\semester 6\Praktikum Computer Vision\Praktikum\HandSignature\kiro_train\bisindo_holistic_gru_new.h5
2026-06-04 12:27:01,643 | INFO | Evaluating on validation set...
2026-06-04 12:27:02,087 | INFO | Val loss: 0.2525 | Val accuracy: 0.9340
2026-06-04 12:27:05,969 | INFO | Confusion matrix saved: D:\Farhan\KULIAH\semester 6\Praktikum Computer Vision\Praktikum\HandSignature\kiro_train\reports\confusion_matrix_20260604_104458.png
2026-06-04 12:27:05,975 | INFO | Per-class report saved: D:\Farhan\KULIAH\semester 6\Praktikum Computer Vision\Praktikum\HandSignature\kiro_train\reports\per_class_report_20260604_104458.csv
2026-06-04 12:27:05,979 | INFO | Classification report:
              precision    recall  f1-score   support

        Anak       1.00      0.90      0.95        10
         Apa       1.00      0.70      0.82        10
        Asal       1.00      1.00      1.00        10
        Ayah       0.83      1.00      0.91        10
   Bagaimana       1.00      1.00      1.00        10
        Baik       1.00      0.90      0.95        10
     Belajar       0.90      0.90      0.90        10
     Berdiri       1.00      1.00      1.00        10
     Bingung       0.90      0.90      0.90        10
         Dan       0.83      1.00      0.91        10
         Dia       0.91      1.00      0.95        10
      Dimana       0.77      1.00      0.87        10
       Duduk       1.00      1.00      1.00        10
        Guru       1.00      1.00      1.00        10
        Halo       1.00      0.90      0.95        10
    Hari ini       1.00      1.00      1.00        10
        Hobi       0.71      1.00      0.83        10
         Ibu       1.00      0.60      0.75        10
      Kalian       1.00      0.90      0.95        10
        Kami       0.82      0.90      0.86        10
        Kamu       0.91      1.00      0.95        10
       Kapan       1.00      0.70      0.82        10
    Keluarga       0.80      0.80      0.80        10
        Kita       0.83      1.00      0.91        10
        Lagi       1.00      1.00      1.00        10
       Makan       1.00      1.00      1.00        10
       Malam       1.00      0.60      0.75        10
       Mandi       0.77      1.00      0.87        10
       Marah       0.83      1.00      0.91        10
     Melihat       0.90      0.90      0.90        10
     Membaca       0.90      0.90      0.90        10
     Mengapa       1.00      0.90      0.95        10
     Menulis       0.91      1.00      0.95        10
      Mereka       1.00      1.00      1.00        10
       Minum       1.00      1.00      1.00        10
        Nama       1.00      0.90      0.95        10
    Olahraga       0.91      1.00      0.95        10
        Pagi       1.00      1.00      1.00        10
       Ramah       1.00      1.00      1.00        10
       Sabar       1.00      1.00      1.00        10
        Saya       1.00      0.90      0.95        10
       Sedih       0.91      1.00      0.95        10
      Sekian       1.00      0.90      0.95        10
     Selamat       0.90      0.90      0.90        10
      Senang       0.91      1.00      0.95        10
       Siang       1.00      1.00      1.00        10
       Siapa       1.00      1.00      1.00        10
       Teman       1.00      0.70      0.82        10
Terima Kasih       1.00      1.00      1.00        10
       Tidur       1.00      1.00      1.00        10

    accuracy                           0.93       500
   macro avg       0.94      0.93      0.93       500
weighted avg       0.94      0.93      0.93       500

2026-06-04 12:27:06,169 | INFO | History plot saved: D:\Farhan\KULIAH\semester 6\Praktikum Computer Vision\Praktikum\HandSignature\kiro_train\reports\training_history_20260604_104458.png
2026-06-04 12:27:06,170 | INFO | History JSON saved: D:\Farhan\KULIAH\semester 6\Praktikum Computer Vision\Praktikum\HandSignature\kiro_train\logs\training_history_20260604_104458.json
2026-06-04 12:27:06,171 | INFO | ============================================================
2026-06-04 12:27:06,171 | INFO | DONE! Best val accuracy: 0.9440 (epoch 47)
2026-06-04 12:27:06,172 | INFO | Model: D:\Farhan\KULIAH\semester 6\Praktikum Computer Vision\Praktikum\HandSignature\kiro_train\bisindo_holistic_gru_new.h5
2026-06-04 12:27:06,172 | INFO | Reports: D:\Farhan\KULIAH\semester 6\Praktikum Computer Vision\Praktikum\HandSignature\kiro_train\reports
2026-06-04 12:27:06,172 | INFO | ============================================================
